src/components/PaymentGatewayManager.tsx(801,94): error TS2551: Property 'accountNumber' does not exist on type 'BalanceResponse'. Did you mean 'accountName'?
src/pages/DashboardPage.tsx(491,5): error TS2304: Cannot find name 'setHistoryForm'.
src/pages/DashboardPage.tsx(495,5): error TS2304: Cannot find name 'setHistoryLoading'.
src/pages/DashboardPage.tsx(496,5): error TS2304: Cannot find name 'setHistoryFeedback'.
src/pages/DashboardPage.tsx(498,56): error TS2304: Cannot find name 'getHistoryProviders'.
src/pages/DashboardPage.tsx(498,79): error TS2304: Cannot find name 'listHistoryAccounts'.
src/pages/DashboardPage.tsx(499,7): error TS2304: Cannot find name 'setHistoryProviders'.
src/pages/DashboardPage.tsx(500,7): error TS2304: Cannot find name 'setHistoryAccounts'.
src/pages/DashboardPage.tsx(502,7): error TS2304: Cannot find name 'setHistoryFeedback'.
src/pages/DashboardPage.tsx(504,7): error TS2304: Cannot find name 'setHistoryLoading'.
src/pages/DashboardPage.tsx(518,5): error TS2304: Cannot find name 'setHistoryLoading'.
src/pages/DashboardPage.tsx(519,5): error TS2304: Cannot find name 'setHistoryFeedback'.
src/pages/DashboardPage.tsx(522,29): error TS2304: Cannot find name 'createHistoryAccount'.
src/pages/DashboardPage.tsx(523,19): error TS2304: Cannot find name 'historyForm'.
src/pages/DashboardPage.tsx(524,22): error TS2304: Cannot find name 'historyForm'.
src/pages/DashboardPage.tsx(525,21): error TS2304: Cannot find name 'historyForm'.
src/pages/DashboardPage.tsx(526,16): error TS2304: Cannot find name 'historyForm'.
src/pages/DashboardPage.tsx(529,7): error TS2304: Cannot find name 'setHistoryAccounts'.
src/pages/DashboardPage.tsx(530,7): error TS2304: Cannot find name 'setHistoryForm'.
src/pages/DashboardPage.tsx(530,34): error TS2304: Cannot find name 'historyForm'.
src/pages/DashboardPage.tsx(531,7): error TS2304: Cannot find name 'setHistoryFeedback'.
src/pages/DashboardPage.tsx(533,7): error TS2304: Cannot find name 'setHistoryFeedback'.
src/pages/DashboardPage.tsx(535,7): error TS2304: Cannot find name 'setHistoryLoading'.
src/pages/DashboardPage.tsx(539,48): error TS2304: Cannot find name 'HistoryAccount'.
src/pages/DashboardPage.tsx(540,5): error TS2304: Cannot find name 'setSelectedHistoryAccount'.
src/pages/DashboardPage.tsx(541,5): error TS2304: Cannot find name 'setHistoryTransactions'.
src/pages/DashboardPage.tsx(542,5): error TS2304: Cannot find name 'setHistoryBalance'.
src/pages/DashboardPage.tsx(543,5): error TS2304: Cannot find name 'setHistoryStats'.
src/pages/DashboardPage.tsx(547,10): error TS2304: Cannot find name 'selectedHistoryAccount'.
src/pages/DashboardPage.tsx(547,36): error TS2304: Cannot find name 'selectedHistoryAccount'.
src/pages/DashboardPage.tsx(551,5): error TS2304: Cannot find name 'setHistoryLoading'.
src/pages/DashboardPage.tsx(552,5): error TS2304: Cannot find name 'setHistoryFeedback'.
src/pages/DashboardPage.tsx(556,9): error TS2304: Cannot find name 'getHistoryAccountTransactions'.
src/pages/DashboardPage.tsx(557,9): error TS2304: Cannot find name 'getHistoryAccountBalance'.
src/pages/DashboardPage.tsx(558,9): error TS2304: Cannot find name 'getHistoryAccountStats'.
src/pages/DashboardPage.tsx(560,7): error TS2304: Cannot find name 'setHistoryTransactions'.
src/pages/DashboardPage.tsx(561,7): error TS2304: Cannot find name 'setHistoryBalance'.
src/pages/DashboardPage.tsx(562,7): error TS2304: Cannot find name 'setHistoryStats'.
src/pages/DashboardPage.tsx(564,7): error TS2304: Cannot find name 'setHistoryFeedback'.
src/pages/DashboardPage.tsx(566,7): error TS2304: Cannot find name 'setHistoryLoading'.
src/pages/DashboardPage.tsx(571,5): error TS2304: Cannot find name 'setHistoryLoading'.
src/pages/DashboardPage.tsx(572,5): error TS2304: Cannot find name 'setHistoryFeedback'.
src/pages/DashboardPage.tsx(575,29): error TS2304: Cannot find name 'renewHistoryAccountToken'.
src/pages/DashboardPage.tsx(576,7): error TS2304: Cannot find name 'setHistoryAccounts'.
src/pages/DashboardPage.tsx(577,11): error TS2304: Cannot find name 'selectedHistoryAccount'.
src/pages/DashboardPage.tsx(578,9): error TS2304: Cannot find name 'setSelectedHistoryAccount'.
src/pages/DashboardPage.tsx(580,7): error TS2304: Cannot find name 'setHistoryFeedback'.
src/pages/DashboardPage.tsx(582,7): error TS2304: Cannot find name 'setHistoryFeedback'.
src/pages/DashboardPage.tsx(584,7): error TS2304: Cannot find name 'setHistoryLoading'.
src/pages/DashboardPage.tsx(684,65): error TS2304: Cannot find name 'historyForm'.
src/pages/DashboardPage.tsx(685,24): error TS2304: Cannot find name 'historyProviders'.
src/pages/DashboardPage.tsx(692,63): error TS2304: Cannot find name 'historyForm'.
src/pages/DashboardPage.tsx(698,63): error TS2304: Cannot find name 'historyForm'.
src/pages/DashboardPage.tsx(702,63): error TS2304: Cannot find name 'historyForm'.
src/pages/DashboardPage.tsx(705,18): error TS2304: Cannot find name 'historyFeedback'.
src/pages/DashboardPage.tsx(705,100): error TS2304: Cannot find name 'historyFeedback'.
src/pages/DashboardPage.tsx(706,18): error TS2304: Cannot find name 'historyFeedback'.
src/pages/DashboardPage.tsx(706,103): error TS2304: Cannot find name 'historyFeedback'.
src/pages/DashboardPage.tsx(707,78): error TS2304: Cannot find name 'historyLoading'.
src/pages/DashboardPage.tsx(707,95): error TS2304: Cannot find name 'historyLoading'.
src/pages/DashboardPage.tsx(712,67): error TS2304: Cannot find name 'historyAccounts'.
src/pages/DashboardPage.tsx(714,18): error TS2304: Cannot find name 'historyAccounts'.
src/pages/DashboardPage.tsx(718,22): error TS2304: Cannot find name 'historyAccounts'.
src/pages/DashboardPage.tsx(735,16): error TS2304: Cannot find name 'selectedHistoryAccount'.
src/pages/DashboardPage.tsx(740,90): error TS2304: Cannot find name 'selectedHistoryAccount'.
src/pages/DashboardPage.tsx(740,140): error TS2304: Cannot find name 'selectedHistoryAccount'.
src/pages/DashboardPage.tsx(740,178): error TS2304: Cannot find name 'selectedHistoryAccount'.
src/pages/DashboardPage.tsx(740,219): error TS2304: Cannot find name 'selectedHistoryAccount'.
src/pages/DashboardPage.tsx(742,124): error TS2304: Cannot find name 'selectedHistoryAccount'.
src/pages/DashboardPage.tsx(745,179): error TS2304: Cannot find name 'selectedHistoryAccount'.
src/pages/DashboardPage.tsx(746,172): error TS2304: Cannot find name 'selectedHistoryAccount'.
src/pages/DashboardPage.tsx(747,179): error TS2304: Cannot find name 'selectedHistoryAccount'.
src/pages/DashboardPage.tsx(749,20): error TS2304: Cannot find name 'historyBalance'.
src/pages/DashboardPage.tsx(751,173): error TS2304: Cannot find name 'historyBalance'.
src/pages/DashboardPage.tsx(751,215): error TS2304: Cannot find name 'historyBalance'.
src/pages/DashboardPage.tsx(752,166): error TS2304: Cannot find name 'historyBalance'.
src/pages/DashboardPage.tsx(755,20): error TS2304: Cannot find name 'historyStats'.
src/pages/DashboardPage.tsx(757,188): error TS2304: Cannot find name 'historyStats'.
src/pages/DashboardPage.tsx(758,176): error TS2304: Cannot find name 'historyStats'.
src/pages/DashboardPage.tsx(759,172): error TS2304: Cannot find name 'historyStats'.
src/pages/DashboardPage.tsx(762,20): error TS2304: Cannot find name 'historyTransactions'.
src/pages/DashboardPage.tsx(766,33): error TS2304: Cannot find name 'historyTransactions'.
